2026/07/12 05:29:40 [notice] 1#1: using the "epoll" event method
2026/07/12 05:29:40 [notice] 1#1: nginx/1.29.2
2026/07/12 05:29:40 [notice] 1#1: built by gcc 14.2.0 (Debian 14.2.0-19) 
2026/07/12 05:29:40 [notice] 1#1: OS: Linux 6.8.0-134-generic
2026/07/12 05:29:40 [notice] 1#1: getrlimit(RLIMIT_NOFILE): 1024:524288
2026/07/12 05:29:40 [notice] 1#1: start worker processes
2026/07/12 05:29:40 [notice] 1#1: start worker process 29
2026/07/12 05:29:40 [notice] 1#1: start worker process 30
2026/07/12 05:29:40 [notice] 1#1: start worker process 31
2026/07/12 05:29:40 [notice] 1#1: start worker process 32
2026/07/12 05:29:40 [notice] 1#1: start worker process 33
2026/07/12 05:29:40 [notice] 1#1: start worker process 34
2026/07/12 05:29:40 [notice] 1#1: start worker process 35
2026/07/12 05:29:40 [notice] 1#1: start worker process 36
2026/07/12 05:29:40 [notice] 1#1: start worker process 37
2026/07/12 05:29:40 [notice] 1#1: start worker process 38
2026/07/12 05:29:40 [notice] 1#1: start worker process 39
2026/07/12 05:29:40 [notice] 1#1: start worker process 40
2026/07/12 05:29:40 [notice] 1#1: start worker process 41
2026/07/12 05:29:40 [notice] 1#1: start worker process 42
2026/07/12 05:29:40 [notice] 1#1: start worker process 43
2026/07/12 05:29:40 [notice] 1#1: start worker process 44
2026/07/12 05:29:40 [notice] 1#1: start worker process 45
2026/07/12 05:29:40 [notice] 1#1: start worker process 46
2026/07/12 05:29:40 [notice] 1#1: start worker process 47
2026/07/12 05:29:40 [notice] 1#1: start worker process 48
2026/07/12 05:29:40 [notice] 1#1: start worker process 49
2026/07/12 05:29:40 [notice] 1#1: start worker process 50
2026/07/12 05:29:40 [notice] 1#1: start worker process 51
2026/07/12 05:29:40 [notice] 1#1: start worker process 52
2026/07/12 05:29:40 [notice] 1#1: start worker process 53
2026/07/12 05:29:40 [notice] 1#1: start worker process 54
2026/07/12 05:29:40 [notice] 1#1: start worker process 55
2026/07/12 05:29:40 [notice] 1#1: start worker process 56
2026/07/12 05:31:10 [notice] 1#1: signal 3 (SIGQUIT) received, shutting down
2026/07/12 05:31:10 [notice] 30#30: gracefully shutting down
2026/07/12 05:31:10 [notice] 31#31: gracefully shutting down
2026/07/12 05:31:10 [notice] 33#33: gracefully shutting down
2026/07/12 05:31:10 [notice] 39#39: gracefully shutting down
2026/07/12 05:31:10 [notice] 38#38: gracefully shutting down
2026/07/12 05:31:10 [notice] 37#37: gracefully shutting down
2026/07/12 05:31:10 [notice] 32#32: gracefully shutting down
2026/07/12 05:31:10 [notice] 34#34: gracefully shutting down
2026/07/12 05:31:10 [notice] 35#35: gracefully shutting down
2026/07/12 05:31:10 [notice] 29#29: gracefully shutting down
2026/07/12 05:31:10 [notice] 40#40: gracefully shutting down
2026/07/12 05:31:10 [notice] 51#51: gracefully shutting down
2026/07/12 05:31:10 [notice] 30#30: exiting
2026/07/12 05:31:10 [notice] 36#36: gracefully shutting down
2026/07/12 05:31:10 [notice] 46#46: gracefully shutting down
2026/07/12 05:31:10 [notice] 45#45: gracefully shutting down
2026/07/12 05:31:10 [notice] 31#31: exiting
2026/07/12 05:31:10 [notice] 43#43: gracefully shutting down
2026/07/12 05:31:10 [notice] 42#42: gracefully shutting down
2026/07/12 05:31:10 [notice] 41#41: gracefully shutting down
2026/07/12 05:31:10 [notice] 44#44: gracefully shutting down
2026/07/12 05:31:10 [notice] 47#47: gracefully shutting down
2026/07/12 05:31:10 [notice] 49#49: gracefully shutting down
2026/07/12 05:31:10 [notice] 48#48: gracefully shutting down
2026/07/12 05:31:10 [notice] 50#50: gracefully shutting down
2026/07/12 05:31:10 [notice] 33#33: exiting
2026/07/12 05:31:10 [notice] 39#39: exiting
2026/07/12 05:31:10 [notice] 38#38: exiting
2026/07/12 05:31:10 [notice] 37#37: exiting
2026/07/12 05:31:10 [notice] 52#52: gracefully shutting down
2026/07/12 05:31:10 [notice] 54#54: gracefully shutting down
2026/07/12 05:31:10 [notice] 53#53: gracefully shutting down
2026/07/12 05:31:10 [notice] 32#32: exiting
2026/07/12 05:31:10 [notice] 35#35: exiting
2026/07/12 05:31:10 [notice] 34#34: exiting
2026/07/12 05:31:10 [notice] 29#29: exiting
2026/07/12 05:31:10 [notice] 40#40: exiting
2026/07/12 05:31:10 [notice] 51#51: exiting
2026/07/12 05:31:10 [notice] 46#46: exiting
2026/07/12 05:31:10 [notice] 36#36: exiting
2026/07/12 05:31:10 [notice] 45#45: exiting
2026/07/12 05:31:10 [notice] 30#30: exit
2026/07/12 05:31:10 [notice] 31#31: exit
2026/07/12 05:31:10 [notice] 43#43: exiting
2026/07/12 05:31:10 [notice] 42#42: exiting
2026/07/12 05:31:10 [notice] 44#44: exiting
2026/07/12 05:31:10 [notice] 41#41: exiting
2026/07/12 05:31:10 [notice] 49#49: exiting
2026/07/12 05:31:10 [notice] 48#48: exiting
2026/07/12 05:31:10 [notice] 47#47: exiting
2026/07/12 05:31:10 [notice] 50#50: exiting
2026/07/12 05:31:10 [notice] 37#37: exit
2026/07/12 05:31:10 [notice] 33#33: exit
2026/07/12 05:31:10 [notice] 39#39: exit
2026/07/12 05:31:10 [notice] 38#38: exit
2026/07/12 05:31:10 [notice] 54#54: exiting
2026/07/12 05:31:10 [notice] 53#53: exiting
2026/07/12 05:31:10 [notice] 52#52: exiting
2026/07/12 05:31:10 [notice] 34#34: exit
2026/07/12 05:31:10 [notice] 35#35: exit
2026/07/12 05:31:10 [notice] 32#32: exit
2026/07/12 05:31:10 [notice] 29#29: exit
2026/07/12 05:31:10 [notice] 46#46: exit
2026/07/12 05:31:10 [notice] 44#44: exit
2026/07/12 05:31:10 [notice] 42#42: exit
2026/07/12 05:31:10 [notice] 40#40: exit
2026/07/12 05:31:10 [notice] 51#51: exit
2026/07/12 05:31:10 [notice] 45#45: exit
2026/07/12 05:31:10 [notice] 50#50: exit
2026/07/12 05:31:10 [notice] 49#49: exit
2026/07/12 05:31:10 [notice] 48#48: exit
2026/07/12 05:31:10 [notice] 43#43: exit
2026/07/12 05:31:10 [notice] 54#54: exit
2026/07/12 05:31:10 [notice] 36#36: exit
2026/07/12 05:31:10 [notice] 53#53: exit
2026/07/12 05:31:10 [notice] 41#41: exit
2026/07/12 05:31:10 [notice] 47#47: exit
2026/07/12 05:31:10 [notice] 52#52: exit
2026/07/12 05:31:10 [notice] 55#55: gracefully shutting down
2026/07/12 05:31:10 [notice] 55#55: exiting
2026/07/12 05:31:10 [notice] 55#55: exit
2026/07/12 05:31:10 [notice] 56#56: gracefully shutting down
2026/07/12 05:31:10 [notice] 56#56: exiting
2026/07/12 05:31:10 [notice] 56#56: exit
2026/07/12 05:31:10 [notice] 1#1: signal 17 (SIGCHLD) received from 50
2026/07/12 05:31:10 [notice] 1#1: worker process 50 exited with code 0
2026/07/12 05:31:10 [notice] 1#1: signal 29 (SIGIO) received
2026/07/12 05:31:10 [notice] 1#1: signal 17 (SIGCHLD) received from 44
2026/07/12 05:31:10 [notice] 1#1: worker process 44 exited with code 0
2026/07/12 05:31:10 [notice] 1#1: worker process 39 exited with code 0
2026/07/12 05:31:10 [notice] 1#1: worker process 41 exited with code 0
2026/07/12 05:31:10 [notice] 1#1: worker process 46 exited with code 0
2026/07/12 05:31:10 [notice] 1#1: worker process 35 exited with code 0
2026/07/12 05:31:10 [notice] 1#1: worker process 47 exited with code 0
2026/07/12 05:31:10 [notice] 1#1: signal 29 (SIGIO) received
2026/07/12 05:31:10 [notice] 1#1: signal 17 (SIGCHLD) received from 39
2026/07/12 05:31:10 [notice] 1#1: worker process 42 exited with code 0
2026/07/12 05:31:10 [notice] 1#1: worker process 51 exited with code 0
2026/07/12 05:31:10 [notice] 1#1: signal 29 (SIGIO) received
2026/07/12 05:31:10 [notice] 1#1: signal 17 (SIGCHLD) received from 56
2026/07/12 05:31:10 [notice] 1#1: worker process 56 exited with code 0
2026/07/12 05:31:10 [notice] 1#1: signal 29 (SIGIO) received
2026/07/12 05:31:10 [notice] 1#1: signal 17 (SIGCHLD) received from 55
2026/07/12 05:31:10 [notice] 1#1: worker process 55 exited with code 0
2026/07/12 05:31:10 [notice] 1#1: signal 29 (SIGIO) received
2026/07/12 05:31:10 [notice] 1#1: signal 17 (SIGCHLD) received from 33
2026/07/12 05:31:10 [notice] 1#1: worker process 32 exited with code 0
2026/07/12 05:31:10 [notice] 1#1: worker process 33 exited with code 0
2026/07/12 05:31:10 [notice] 1#1: worker process 40 exited with code 0
2026/07/12 05:31:10 [notice] 1#1: worker process 30 exited with code 0
2026/07/12 05:31:10 [notice] 1#1: worker process 37 exited with code 0
2026/07/12 05:31:10 [notice] 1#1: worker process 29 exited with code 0
2026/07/12 05:31:10 [notice] 1#1: worker process 38 exited with code 0
2026/07/12 05:31:10 [notice] 1#1: worker process 43 exited with code 0
2026/07/12 05:31:10 [notice] 1#1: worker process 53 exited with code 0
2026/07/12 05:31:10 [notice] 1#1: worker process 54 exited with code 0
2026/07/12 05:31:10 [notice] 1#1: signal 29 (SIGIO) received
2026/07/12 05:31:10 [notice] 1#1: signal 17 (SIGCHLD) received from 53
2026/07/12 05:31:10 [notice] 1#1: worker process 45 exited with code 0
2026/07/12 05:31:10 [notice] 1#1: worker process 36 exited with code 0
2026/07/12 05:31:10 [notice] 1#1: signal 29 (SIGIO) received
2026/07/12 05:31:10 [notice] 1#1: signal 17 (SIGCHLD) received from 36
2026/07/12 05:31:10 [notice] 1#1: signal 17 (SIGCHLD) received from 52
2026/07/12 05:31:10 [notice] 1#1: worker process 52 exited with code 0
2026/07/12 05:31:10 [notice] 1#1: signal 29 (SIGIO) received
2026/07/12 05:31:10 [notice] 1#1: signal 17 (SIGCHLD) received from 34
2026/07/12 05:31:10 [notice] 1#1: worker process 34 exited with code 0
2026/07/12 05:31:10 [notice] 1#1: signal 29 (SIGIO) received
2026/07/12 05:31:10 [notice] 1#1: signal 17 (SIGCHLD) received from 31
2026/07/12 05:31:10 [notice] 1#1: worker process 31 exited with code 0
2026/07/12 05:31:10 [notice] 1#1: signal 29 (SIGIO) received
2026/07/12 05:31:10 [notice] 1#1: signal 17 (SIGCHLD) received from 49
2026/07/12 05:31:10 [notice] 1#1: worker process 49 exited with code 0
2026/07/12 05:31:10 [notice] 1#1: signal 29 (SIGIO) received
2026/07/12 05:31:10 [notice] 1#1: signal 17 (SIGCHLD) received from 48
2026/07/12 05:31:10 [notice] 1#1: worker process 48 exited with code 0
2026/07/12 05:31:10 [notice] 1#1: exit
2026/07/12 05:31:14 [notice] 1#1: using the "epoll" event method
2026/07/12 05:31:14 [notice] 1#1: nginx/1.29.2
2026/07/12 05:31:14 [notice] 1#1: built by gcc 14.2.0 (Debian 14.2.0-19) 
2026/07/12 05:31:14 [notice] 1#1: OS: Linux 6.8.0-134-generic
2026/07/12 05:31:14 [notice] 1#1: getrlimit(RLIMIT_NOFILE): 1024:524288
2026/07/12 05:31:14 [notice] 1#1: start worker processes
2026/07/12 05:31:14 [notice] 1#1: start worker process 29
2026/07/12 05:31:14 [notice] 1#1: start worker process 30
2026/07/12 05:31:14 [notice] 1#1: start worker process 31
2026/07/12 05:31:14 [notice] 1#1: start worker process 32
2026/07/12 05:31:14 [notice] 1#1: start worker process 33
2026/07/12 05:31:14 [notice] 1#1: start worker process 34
2026/07/12 05:31:14 [notice] 1#1: start worker process 35
2026/07/12 05:31:14 [notice] 1#1: start worker process 36
2026/07/12 05:31:14 [notice] 1#1: start worker process 37
2026/07/12 05:31:14 [notice] 1#1: start worker process 38
2026/07/12 05:31:14 [notice] 1#1: start worker process 39
2026/07/12 05:31:14 [notice] 1#1: start worker process 40
2026/07/12 05:31:14 [notice] 1#1: start worker process 41
2026/07/12 05:31:14 [notice] 1#1: start worker process 42
2026/07/12 05:31:14 [notice] 1#1: start worker process 43
2026/07/12 05:31:14 [notice] 1#1: start worker process 44
2026/07/12 05:31:14 [notice] 1#1: start worker process 45
2026/07/12 05:31:14 [notice] 1#1: start worker process 46
2026/07/12 05:31:14 [notice] 1#1: start worker process 47
2026/07/12 05:31:14 [notice] 1#1: start worker process 48
2026/07/12 05:31:14 [notice] 1#1: start worker process 49
2026/07/12 05:31:14 [notice] 1#1: start worker process 50
2026/07/12 05:31:14 [notice] 1#1: start worker process 51
2026/07/12 05:31:14 [notice] 1#1: start worker process 52
2026/07/12 05:31:14 [notice] 1#1: start worker process 53
2026/07/12 05:31:14 [notice] 1#1: start worker process 54
2026/07/12 05:31:14 [notice] 1#1: start worker process 55
2026/07/12 05:31:14 [notice] 1#1: start worker process 56
2026/07/12 05:31:20 [notice] 1#1: signal 3 (SIGQUIT) received, shutting down
2026/07/12 05:31:20 [notice] 30#30: gracefully shutting down
2026/07/12 05:31:20 [notice] 29#29: gracefully shutting down
2026/07/12 05:31:20 [notice] 31#31: gracefully shutting down
2026/07/12 05:31:20 [notice] 33#33: gracefully shutting down
2026/07/12 05:31:20 [notice] 34#34: gracefully shutting down
2026/07/12 05:31:20 [notice] 32#32: gracefully shutting down
2026/07/12 05:31:20 [notice] 38#38: gracefully shutting down
2026/07/12 05:31:20 [notice] 35#35: gracefully shutting down
2026/07/12 05:31:20 [notice] 37#37: gracefully shutting down
2026/07/12 05:31:20 [notice] 30#30: exiting
2026/07/12 05:31:20 [notice] 39#39: gracefully shutting down
2026/07/12 05:31:20 [notice] 44#44: gracefully shutting down
2026/07/12 05:31:20 [notice] 36#36: gracefully shutting down
2026/07/12 05:31:20 [notice] 29#29: exiting
2026/07/12 05:31:20 [notice] 40#40: gracefully shutting down
2026/07/12 05:31:20 [notice] 41#41: gracefully shutting down
2026/07/12 05:31:20 [notice] 43#43: gracefully shutting down
2026/07/12 05:31:20 [notice] 45#45: gracefully shutting down
2026/07/12 05:31:20 [notice] 31#31: exiting
2026/07/12 05:31:20 [notice] 33#33: exiting
2026/07/12 05:31:20 [notice] 42#42: gracefully shutting down
2026/07/12 05:31:20 [notice] 46#46: gracefully shutting down
2026/07/12 05:31:20 [notice] 34#34: exiting
2026/07/12 05:31:20 [notice] 49#49: gracefully shutting down
2026/07/12 05:31:20 [notice] 32#32: exiting
2026/07/12 05:31:20 [notice] 35#35: exiting
2026/07/12 05:31:20 [notice] 38#38: exiting
2026/07/12 05:31:20 [notice] 37#37: exiting
2026/07/12 05:31:20 [notice] 52#52: gracefully shutting down
2026/07/12 05:31:20 [notice] 39#39: exiting
2026/07/12 05:31:20 [notice] 44#44: exiting
2026/07/12 05:31:20 [notice] 43#43: exiting
2026/07/12 05:31:20 [notice] 54#54: gracefully shutting down
2026/07/12 05:31:20 [notice] 36#36: exiting
2026/07/12 05:31:20 [notice] 53#53: gracefully shutting down
2026/07/12 05:31:20 [notice] 40#40: exiting
2026/07/12 05:31:20 [notice] 41#41: exiting
2026/07/12 05:31:20 [notice] 47#47: gracefully shutting down
2026/07/12 05:31:20 [notice] 45#45: exiting
2026/07/12 05:31:20 [notice] 32#32: exit
2026/07/12 05:31:20 [notice] 30#30: exit
2026/07/12 05:31:20 [notice] 29#29: exit
2026/07/12 05:31:20 [notice] 33#33: exit
2026/07/12 05:31:20 [notice] 35#35: exit
2026/07/12 05:31:20 [notice] 42#42: exiting
2026/07/12 05:31:20 [notice] 34#34: exit
2026/07/12 05:31:20 [notice] 49#49: exiting
2026/07/12 05:31:20 [notice] 31#31: exit
2026/07/12 05:31:20 [notice] 46#46: exiting
2026/07/12 05:31:20 [notice] 37#37: exit
2026/07/12 05:31:20 [notice] 52#52: exiting
2026/07/12 05:31:20 [notice] 44#44: exit
2026/07/12 05:31:20 [notice] 39#39: exit
2026/07/12 05:31:20 [notice] 38#38: exit
2026/07/12 05:31:20 [notice] 43#43: exit
2026/07/12 05:31:20 [notice] 47#47: exiting
2026/07/12 05:31:20 [notice] 40#40: exit
2026/07/12 05:31:20 [notice] 54#54: exiting
2026/07/12 05:31:20 [notice] 41#41: exit
2026/07/12 05:31:20 [notice] 53#53: exiting
2026/07/12 05:31:20 [notice] 52#52: exit
2026/07/12 05:31:20 [notice] 46#46: exit
2026/07/12 05:31:20 [notice] 45#45: exit
2026/07/12 05:31:20 [notice] 49#49: exit
2026/07/12 05:31:20 [notice] 36#36: exit
2026/07/12 05:31:20 [notice] 55#55: gracefully shutting down
2026/07/12 05:31:20 [notice] 47#47: exit
2026/07/12 05:31:20 [notice] 42#42: exit
2026/07/12 05:31:20 [notice] 55#55: exiting
2026/07/12 05:31:20 [notice] 53#53: exit
2026/07/12 05:31:20 [notice] 54#54: exit
2026/07/12 05:31:20 [notice] 55#55: exit
2026/07/12 05:31:20 [notice] 50#50: gracefully shutting down
2026/07/12 05:31:20 [notice] 50#50: exiting
2026/07/12 05:31:20 [notice] 50#50: exit
2026/07/12 05:31:20 [notice] 48#48: gracefully shutting down
2026/07/12 05:31:20 [notice] 48#48: exiting
2026/07/12 05:31:20 [notice] 48#48: exit
2026/07/12 05:31:20 [notice] 56#56: gracefully shutting down
2026/07/12 05:31:20 [notice] 56#56: exiting
2026/07/12 05:31:20 [notice] 56#56: exit
2026/07/12 05:31:20 [notice] 51#51: gracefully shutting down
2026/07/12 05:31:20 [notice] 51#51: exiting
2026/07/12 05:31:20 [notice] 51#51: exit
2026/07/12 05:31:20 [notice] 1#1: signal 17 (SIGCHLD) received from 35
2026/07/12 05:31:20 [notice] 1#1: worker process 33 exited with code 0
2026/07/12 05:31:20 [notice] 1#1: worker process 35 exited with code 0
2026/07/12 05:31:20 [notice] 1#1: worker process 37 exited with code 0
2026/07/12 05:31:20 [notice] 1#1: worker process 36 exited with code 0
2026/07/12 05:31:20 [notice] 1#1: worker process 38 exited with code 0
2026/07/12 05:31:20 [notice] 1#1: worker process 46 exited with code 0
2026/07/12 05:31:20 [notice] 1#1: worker process 49 exited with code 0
2026/07/12 05:31:20 [notice] 1#1: worker process 52 exited with code 0
2026/07/12 05:31:20 [notice] 1#1: signal 29 (SIGIO) received
2026/07/12 05:31:20 [notice] 1#1: signal 17 (SIGCHLD) received from 52
2026/07/12 05:31:20 [notice] 1#1: worker process 29 exited with code 0
2026/07/12 05:31:20 [notice] 1#1: worker process 41 exited with code 0
2026/07/12 05:31:20 [notice] 1#1: worker process 54 exited with code 0
2026/07/12 05:31:20 [notice] 1#1: signal 29 (SIGIO) received
2026/07/12 05:31:20 [notice] 1#1: signal 17 (SIGCHLD) received from 34
2026/07/12 05:31:20 [notice] 1#1: worker process 34 exited with code 0
2026/07/12 05:31:20 [notice] 1#1: worker process 43 exited with code 0
2026/07/12 05:31:20 [notice] 1#1: worker process 47 exited with code 0
2026/07/12 05:31:20 [notice] 1#1: worker process 55 exited with code 0
2026/07/12 05:31:20 [notice] 1#1: signal 29 (SIGIO) received
2026/07/12 05:31:20 [notice] 1#1: signal 17 (SIGCHLD) received from 45
2026/07/12 05:31:20 [notice] 1#1: worker process 45 exited with code 0
2026/07/12 05:31:20 [notice] 1#1: signal 29 (SIGIO) received
2026/07/12 05:31:20 [notice] 1#1: signal 17 (SIGCHLD) received from 32
2026/07/12 05:31:20 [notice] 1#1: worker process 32 exited with code 0
2026/07/12 05:31:20 [notice] 1#1: signal 29 (SIGIO) received
2026/07/12 05:31:20 [notice] 1#1: signal 17 (SIGCHLD) received from 40
2026/07/12 05:31:20 [notice] 1#1: worker process 40 exited with code 0
2026/07/12 05:31:20 [notice] 1#1: signal 29 (SIGIO) received
2026/07/12 05:31:20 [notice] 1#1: signal 17 (SIGCHLD) received from 30
2026/07/12 05:31:20 [notice] 1#1: worker process 30 exited with code 0
2026/07/12 05:31:20 [notice] 1#1: signal 29 (SIGIO) received
2026/07/12 05:31:20 [notice] 1#1: signal 17 (SIGCHLD) received from 56
2026/07/12 05:31:20 [notice] 1#1: worker process 56 exited with code 0
2026/07/12 05:31:20 [notice] 1#1: signal 29 (SIGIO) received
2026/07/12 05:31:20 [notice] 1#1: signal 17 (SIGCHLD) received from 31
2026/07/12 05:31:20 [notice] 1#1: worker process 31 exited with code 0
2026/07/12 05:31:20 [notice] 1#1: signal 29 (SIGIO) received
2026/07/12 05:31:20 [notice] 1#1: signal 17 (SIGCHLD) received from 53
2026/07/12 05:31:20 [notice] 1#1: worker process 53 exited with code 0
2026/07/12 05:31:20 [notice] 1#1: signal 29 (SIGIO) received
2026/07/12 05:31:20 [notice] 1#1: signal 17 (SIGCHLD) received from 50
2026/07/12 05:31:20 [notice] 1#1: worker process 50 exited with code 0
2026/07/12 05:31:20 [notice] 1#1: signal 29 (SIGIO) received
2026/07/12 05:31:20 [notice] 1#1: signal 17 (SIGCHLD) received from 42
2026/07/12 05:31:20 [notice] 1#1: worker process 42 exited with code 0
2026/07/12 05:31:20 [notice] 1#1: signal 29 (SIGIO) received
2026/07/12 05:31:20 [notice] 1#1: signal 17 (SIGCHLD) received from 39
2026/07/12 05:31:20 [notice] 1#1: worker process 39 exited with code 0
2026/07/12 05:31:20 [notice] 1#1: signal 29 (SIGIO) received
2026/07/12 05:31:20 [notice] 1#1: signal 17 (SIGCHLD) received from 44
2026/07/12 05:31:20 [notice] 1#1: worker process 44 exited with code 0
2026/07/12 05:31:20 [notice] 1#1: signal 29 (SIGIO) received
2026/07/12 05:31:20 [notice] 1#1: signal 17 (SIGCHLD) received from 51
2026/07/12 05:31:20 [notice] 1#1: worker process 51 exited with code 0
2026/07/12 05:31:20 [notice] 1#1: signal 29 (SIGIO) received
2026/07/12 05:31:20 [notice] 1#1: signal 17 (SIGCHLD) received from 48
2026/07/12 05:31:20 [notice] 1#1: worker process 48 exited with code 0
2026/07/12 05:31:20 [notice] 1#1: exit
2026/07/12 05:31:25 [notice] 1#1: using the "epoll" event method
2026/07/12 05:31:25 [notice] 1#1: nginx/1.29.2
2026/07/12 05:31:25 [notice] 1#1: built by gcc 14.2.0 (Debian 14.2.0-19) 
2026/07/12 05:31:25 [notice] 1#1: OS: Linux 6.8.0-134-generic
2026/07/12 05:31:25 [notice] 1#1: getrlimit(RLIMIT_NOFILE): 1024:524288
2026/07/12 05:31:25 [notice] 1#1: start worker processes
2026/07/12 05:31:25 [notice] 1#1: start worker process 29
2026/07/12 05:31:25 [notice] 1#1: start worker process 30
2026/07/12 05:31:25 [notice] 1#1: start worker process 31
2026/07/12 05:31:25 [notice] 1#1: start worker process 32
2026/07/12 05:31:25 [notice] 1#1: start worker process 33
2026/07/12 05:31:25 [notice] 1#1: start worker process 34
2026/07/12 05:31:25 [notice] 1#1: start worker process 35
2026/07/12 05:31:25 [notice] 1#1: start worker process 36
2026/07/12 05:31:25 [notice] 1#1: start worker process 37
2026/07/12 05:31:25 [notice] 1#1: start worker process 38
2026/07/12 05:31:25 [notice] 1#1: start worker process 39
2026/07/12 05:31:25 [notice] 1#1: start worker process 40
2026/07/12 05:31:25 [notice] 1#1: start worker process 41
2026/07/12 05:31:25 [notice] 1#1: start worker process 42
2026/07/12 05:31:25 [notice] 1#1: start worker process 43
2026/07/12 05:31:25 [notice] 1#1: start worker process 44
2026/07/12 05:31:25 [notice] 1#1: start worker process 45
2026/07/12 05:31:25 [notice] 1#1: start worker process 46
2026/07/12 05:31:25 [notice] 1#1: start worker process 47
2026/07/12 05:31:25 [notice] 1#1: start worker process 48
2026/07/12 05:31:25 [notice] 1#1: start worker process 49
2026/07/12 05:31:25 [notice] 1#1: start worker process 50
2026/07/12 05:31:25 [notice] 1#1: start worker process 51
2026/07/12 05:31:25 [notice] 1#1: start worker process 52
2026/07/12 05:31:25 [notice] 1#1: start worker process 53
2026/07/12 05:31:25 [notice] 1#1: start worker process 54
2026/07/12 05:31:25 [notice] 1#1: start worker process 55
2026/07/12 05:31:25 [notice] 1#1: start worker process 56
2026/07/12 06:00:28 [notice] 1#1: signal 3 (SIGQUIT) received, shutting down
2026/07/12 06:00:28 [notice] 30#30: gracefully shutting down
2026/07/12 06:00:28 [notice] 29#29: gracefully shutting down
2026/07/12 06:00:28 [notice] 31#31: gracefully shutting down
2026/07/12 06:00:28 [notice] 32#32: gracefully shutting down
2026/07/12 06:00:28 [notice] 33#33: gracefully shutting down
2026/07/12 06:00:28 [notice] 34#34: gracefully shutting down
2026/07/12 06:00:28 [notice] 35#35: gracefully shutting down
2026/07/12 06:00:28 [notice] 36#36: gracefully shutting down
2026/07/12 06:00:28 [notice] 39#39: gracefully shutting down
2026/07/12 06:00:28 [notice] 30#30: exiting
2026/07/12 06:00:28 [notice] 29#29: exiting
2026/07/12 06:00:28 [notice] 37#37: gracefully shutting down
2026/07/12 06:00:28 [notice] 31#31: exiting
2026/07/12 06:00:28 [notice] 34#34: exiting
2026/07/12 06:00:28 [notice] 32#32: exiting
2026/07/12 06:00:28 [notice] 47#47: gracefully shutting down
2026/07/12 06:00:28 [notice] 33#33: exiting
2026/07/12 06:00:28 [notice] 35#35: exiting
2026/07/12 06:00:28 [notice] 48#48: gracefully shutting down
2026/07/12 06:00:28 [notice] 36#36: exiting
2026/07/12 06:00:28 [notice] 39#39: exiting
2026/07/12 06:00:28 [notice] 37#37: exiting
2026/07/12 06:00:28 [notice] 29#29: exit
2026/07/12 06:00:28 [notice] 34#34: exit
2026/07/12 06:00:28 [notice] 31#31: exit
2026/07/12 06:00:28 [notice] 30#30: exit
2026/07/12 06:00:28 [notice] 54#54: gracefully shutting down
2026/07/12 06:00:28 [notice] 32#32: exit
2026/07/12 06:00:28 [notice] 55#55: gracefully shutting down
2026/07/12 06:00:28 [notice] 33#33: exit
2026/07/12 06:00:28 [notice] 47#47: exiting
2026/07/12 06:00:28 [notice] 36#36: exit
2026/07/12 06:00:28 [notice] 38#38: gracefully shutting down
2026/07/12 06:00:28 [notice] 35#35: exit
2026/07/12 06:00:28 [notice] 48#48: exiting
2026/07/12 06:00:28 [notice] 39#39: exit
2026/07/12 06:00:28 [notice] 37#37: exit
2026/07/12 06:00:28 [notice] 54#54: exiting
2026/07/12 06:00:28 [notice] 55#55: exiting
2026/07/12 06:00:28 [notice] 47#47: exit
2026/07/12 06:00:28 [notice] 38#38: exiting
2026/07/12 06:00:28 [notice] 48#48: exit
2026/07/12 06:00:28 [notice] 54#54: exit
2026/07/12 06:00:28 [notice] 55#55: exit
2026/07/12 06:00:28 [notice] 38#38: exit
2026/07/12 06:00:28 [notice] 53#53: gracefully shutting down
2026/07/12 06:00:28 [notice] 40#40: gracefully shutting down
2026/07/12 06:00:28 [notice] 53#53: exiting
2026/07/12 06:00:28 [notice] 40#40: exiting
2026/07/12 06:00:28 [notice] 53#53: exit
2026/07/12 06:00:28 [notice] 40#40: exit
2026/07/12 06:00:28 [notice] 51#51: gracefully shutting down
2026/07/12 06:00:28 [notice] 42#42: gracefully shutting down
2026/07/12 06:00:28 [notice] 51#51: exiting
2026/07/12 06:00:28 [notice] 42#42: exiting
2026/07/12 06:00:28 [notice] 51#51: exit
2026/07/12 06:00:28 [notice] 46#46: gracefully shutting down
2026/07/12 06:00:28 [notice] 42#42: exit
2026/07/12 06:00:28 [notice] 46#46: exiting
2026/07/12 06:00:28 [notice] 46#46: exit
2026/07/12 06:00:28 [notice] 43#43: gracefully shutting down
2026/07/12 06:00:28 [notice] 43#43: exiting
2026/07/12 06:00:28 [notice] 43#43: exit
2026/07/12 06:00:28 [notice] 49#49: gracefully shutting down
2026/07/12 06:00:28 [notice] 49#49: exiting
2026/07/12 06:00:28 [notice] 49#49: exit
2026/07/12 06:00:28 [notice] 50#50: gracefully shutting down
2026/07/12 06:00:28 [notice] 44#44: gracefully shutting down
2026/07/12 06:00:28 [notice] 50#50: exiting
2026/07/12 06:00:28 [notice] 44#44: exiting
2026/07/12 06:00:28 [notice] 50#50: exit
2026/07/12 06:00:28 [notice] 44#44: exit
2026/07/12 06:00:28 [notice] 45#45: gracefully shutting down
2026/07/12 06:00:28 [notice] 45#45: exiting
2026/07/12 06:00:28 [notice] 56#56: gracefully shutting down
2026/07/12 06:00:28 [notice] 45#45: exit
2026/07/12 06:00:28 [notice] 56#56: exiting
2026/07/12 06:00:28 [notice] 56#56: exit
2026/07/12 06:00:28 [notice] 52#52: gracefully shutting down
2026/07/12 06:00:28 [notice] 52#52: exiting
2026/07/12 06:00:28 [notice] 52#52: exit
2026/07/12 06:00:28 [notice] 41#41: gracefully shutting down
2026/07/12 06:00:28 [notice] 41#41: exiting
2026/07/12 06:00:28 [notice] 41#41: exit
2026/07/12 06:00:28 [notice] 1#1: signal 17 (SIGCHLD) received from 48
2026/07/12 06:00:28 [notice] 1#1: worker process 48 exited with code 0
2026/07/12 06:00:28 [notice] 1#1: signal 29 (SIGIO) received
2026/07/12 06:00:28 [notice] 1#1: signal 17 (SIGCHLD) received from 35
2026/07/12 06:00:28 [notice] 1#1: worker process 35 exited with code 0
2026/07/12 06:00:28 [notice] 1#1: signal 29 (SIGIO) received
2026/07/12 06:00:28 [notice] 1#1: signal 17 (SIGCHLD) received from 29
2026/07/12 06:00:28 [notice] 1#1: worker process 29 exited with code 0
2026/07/12 06:00:28 [notice] 1#1: worker process 31 exited with code 0
2026/07/12 06:00:28 [notice] 1#1: worker process 32 exited with code 0
2026/07/12 06:00:28 [notice] 1#1: worker process 33 exited with code 0
2026/07/12 06:00:28 [notice] 1#1: worker process 54 exited with code 0
2026/07/12 06:00:28 [notice] 1#1: signal 29 (SIGIO) received
2026/07/12 06:00:28 [notice] 1#1: signal 17 (SIGCHLD) received from 31
2026/07/12 06:00:28 [notice] 1#1: signal 17 (SIGCHLD) received from 39
2026/07/12 06:00:28 [notice] 1#1: worker process 39 exited with code 0
2026/07/12 06:00:28 [notice] 1#1: signal 29 (SIGIO) received
2026/07/12 06:00:28 [notice] 1#1: signal 17 (SIGCHLD) received from 40
2026/07/12 06:00:28 [notice] 1#1: worker process 40 exited with code 0
2026/07/12 06:00:28 [notice] 1#1: worker process 42 exited with code 0
2026/07/12 06:00:28 [notice] 1#1: worker process 55 exited with code 0
2026/07/12 06:00:28 [notice] 1#1: signal 29 (SIGIO) received
2026/07/12 06:00:28 [notice] 1#1: signal 17 (SIGCHLD) received from 42
2026/07/12 06:00:28 [notice] 1#1: worker process 30 exited with code 0
2026/07/12 06:00:28 [notice] 1#1: worker process 36 exited with code 0
2026/07/12 06:00:28 [notice] 1#1: worker process 34 exited with code 0
2026/07/12 06:00:28 [notice] 1#1: worker process 51 exited with code 0
2026/07/12 06:00:28 [notice] 1#1: signal 29 (SIGIO) received
2026/07/12 06:00:28 [notice] 1#1: signal 17 (SIGCHLD) received from 30
2026/07/12 06:00:28 [notice] 1#1: signal 17 (SIGCHLD) received from 46
2026/07/12 06:00:28 [notice] 1#1: worker process 46 exited with code 0
2026/07/12 06:00:28 [notice] 1#1: signal 29 (SIGIO) received
2026/07/12 06:00:28 [notice] 1#1: signal 17 (SIGCHLD) received from 38
2026/07/12 06:00:28 [notice] 1#1: worker process 38 exited with code 0
2026/07/12 06:00:28 [notice] 1#1: signal 29 (SIGIO) received
2026/07/12 06:00:28 [notice] 1#1: signal 17 (SIGCHLD) received from 53
2026/07/12 06:00:28 [notice] 1#1: worker process 53 exited with code 0
2026/07/12 06:00:28 [notice] 1#1: worker process 37 exited with code 0
2026/07/12 06:00:28 [notice] 1#1: signal 17 (SIGCHLD) received from 37
2026/07/12 06:00:28 [notice] 1#1: signal 29 (SIGIO) received
2026/07/12 06:00:28 [notice] 1#1: signal 17 (SIGCHLD) received from 47
2026/07/12 06:00:28 [notice] 1#1: worker process 47 exited with code 0
2026/07/12 06:00:28 [notice] 1#1: signal 29 (SIGIO) received
2026/07/12 06:00:28 [notice] 1#1: signal 17 (SIGCHLD) received from 49
2026/07/12 06:00:28 [notice] 1#1: worker process 49 exited with code 0
2026/07/12 06:00:28 [notice] 1#1: worker process 52 exited with code 0
2026/07/12 06:00:28 [notice] 1#1: signal 29 (SIGIO) received
2026/07/12 06:00:28 [notice] 1#1: signal 17 (SIGCHLD) received from 52
2026/07/12 06:00:28 [notice] 1#1: signal 17 (SIGCHLD) received from 50
2026/07/12 06:00:28 [notice] 1#1: worker process 50 exited with code 0
2026/07/12 06:00:28 [notice] 1#1: signal 29 (SIGIO) received
2026/07/12 06:00:28 [notice] 1#1: signal 17 (SIGCHLD) received from 56
2026/07/12 06:00:28 [notice] 1#1: worker process 56 exited with code 0
2026/07/12 06:00:28 [notice] 1#1: signal 29 (SIGIO) received
2026/07/12 06:00:28 [notice] 1#1: signal 17 (SIGCHLD) received from 41
2026/07/12 06:00:28 [notice] 1#1: worker process 41 exited with code 0
2026/07/12 06:00:28 [notice] 1#1: signal 29 (SIGIO) received
2026/07/12 06:00:28 [notice] 1#1: signal 17 (SIGCHLD) received from 45
2026/07/12 06:00:28 [notice] 1#1: worker process 45 exited with code 0
2026/07/12 06:00:28 [notice] 1#1: worker process 44 exited with code 0
2026/07/12 06:00:28 [notice] 1#1: signal 17 (SIGCHLD) received from 44
2026/07/12 06:00:28 [notice] 1#1: signal 17 (SIGCHLD) received from 43
2026/07/12 06:00:28 [notice] 1#1: worker process 43 exited with code 0
2026/07/12 06:00:28 [notice] 1#1: exit
2026/07/12 06:00:28 [notice] 1#1: using the "epoll" event method
2026/07/12 06:00:28 [notice] 1#1: nginx/1.29.2
2026/07/12 06:00:28 [notice] 1#1: built by gcc 14.2.0 (Debian 14.2.0-19) 
2026/07/12 06:00:28 [notice] 1#1: OS: Linux 6.8.0-134-generic
2026/07/12 06:00:28 [notice] 1#1: getrlimit(RLIMIT_NOFILE): 1024:524288
2026/07/12 06:00:28 [notice] 1#1: start worker processes
2026/07/12 06:00:28 [notice] 1#1: start worker process 22
2026/07/12 06:00:28 [notice] 1#1: start worker process 23
2026/07/12 06:00:28 [notice] 1#1: start worker process 24
2026/07/12 06:00:28 [notice] 1#1: start worker process 25
2026/07/12 06:00:28 [notice] 1#1: start worker process 26
2026/07/12 06:00:28 [notice] 1#1: start worker process 27
2026/07/12 06:00:28 [notice] 1#1: start worker process 28
2026/07/12 06:00:28 [notice] 1#1: start worker process 29
2026/07/12 06:00:28 [notice] 1#1: start worker process 30
2026/07/12 06:00:28 [notice] 1#1: start worker process 31
2026/07/12 06:00:28 [notice] 1#1: start worker process 32
2026/07/12 06:00:28 [notice] 1#1: start worker process 33
2026/07/12 06:00:28 [notice] 1#1: start worker process 34
2026/07/12 06:00:28 [notice] 1#1: start worker process 35
2026/07/12 06:00:28 [notice] 1#1: start worker process 36
2026/07/12 06:00:28 [notice] 1#1: start worker process 37
2026/07/12 06:00:28 [notice] 1#1: start worker process 38
2026/07/12 06:00:28 [notice] 1#1: start worker process 39
2026/07/12 06:00:28 [notice] 1#1: start worker process 40
2026/07/12 06:00:28 [notice] 1#1: start worker process 41
2026/07/12 06:00:28 [notice] 1#1: start worker process 42
2026/07/12 06:00:28 [notice] 1#1: start worker process 43
2026/07/12 06:00:28 [notice] 1#1: start worker process 44
2026/07/12 06:00:28 [notice] 1#1: start worker process 45
2026/07/12 06:00:28 [notice] 1#1: start worker process 46
2026/07/12 06:00:28 [notice] 1#1: start worker process 47
2026/07/12 06:00:28 [notice] 1#1: start worker process 48
2026/07/12 06:00:28 [notice] 1#1: start worker process 49
2026/07/12 06:29:17 [notice] 1#1: signal 3 (SIGQUIT) received, shutting down
2026/07/12 06:29:17 [notice] 22#22: gracefully shutting down
2026/07/12 06:29:17 [notice] 23#23: gracefully shutting down
2026/07/12 06:29:17 [notice] 24#24: gracefully shutting down
2026/07/12 06:29:17 [notice] 26#26: gracefully shutting down
2026/07/12 06:29:17 [notice] 25#25: gracefully shutting down
2026/07/12 06:29:17 [notice] 27#27: gracefully shutting down
2026/07/12 06:29:17 [notice] 28#28: gracefully shutting down
2026/07/12 06:29:17 [notice] 29#29: gracefully shutting down
2026/07/12 06:29:17 [notice] 31#31: gracefully shutting down
2026/07/12 06:29:17 [notice] 30#30: gracefully shutting down
2026/07/12 06:29:17 [notice] 34#34: gracefully shutting down
2026/07/12 06:29:17 [notice] 22#22: exiting
2026/07/12 06:29:17 [notice] 33#33: gracefully shutting down
2026/07/12 06:29:17 [notice] 32#32: gracefully shutting down
2026/07/12 06:29:17 [notice] 35#35: gracefully shutting down
2026/07/12 06:29:17 [notice] 24#24: exiting
2026/07/12 06:29:17 [notice] 26#26: exiting
2026/07/12 06:29:17 [notice] 27#27: exiting
2026/07/12 06:29:17 [notice] 38#38: gracefully shutting down
2026/07/12 06:29:17 [notice] 23#23: exiting
2026/07/12 06:29:17 [notice] 25#25: exiting
2026/07/12 06:29:17 [notice] 36#36: gracefully shutting down
2026/07/12 06:29:17 [notice] 31#31: exiting
2026/07/12 06:29:17 [notice] 29#29: exiting
2026/07/12 06:29:17 [notice] 30#30: exiting
2026/07/12 06:29:17 [notice] 34#34: exiting
2026/07/12 06:29:17 [notice] 39#39: gracefully shutting down
2026/07/12 06:29:17 [notice] 28#28: exiting
2026/07/12 06:29:17 [notice] 33#33: exiting
2026/07/12 06:29:17 [notice] 41#41: gracefully shutting down
2026/07/12 06:29:17 [notice] 32#32: exiting
2026/07/12 06:29:17 [notice] 35#35: exiting
2026/07/12 06:29:17 [notice] 36#36: exiting
2026/07/12 06:29:17 [notice] 38#38: exiting
2026/07/12 06:29:17 [notice] 22#22: exit
2026/07/12 06:29:17 [notice] 24#24: exit
2026/07/12 06:29:17 [notice] 23#23: exit
2026/07/12 06:29:17 [notice] 39#39: exiting
2026/07/12 06:29:17 [notice] 29#29: exit
2026/07/12 06:29:17 [notice] 25#25: exit
2026/07/12 06:29:17 [notice] 41#41: exiting
2026/07/12 06:29:17 [notice] 27#27: exit
2026/07/12 06:29:17 [notice] 33#33: exit
2026/07/12 06:29:17 [notice] 26#26: exit
2026/07/12 06:29:17 [notice] 34#34: exit
2026/07/12 06:29:17 [notice] 31#31: exit
2026/07/12 06:29:17 [notice] 28#28: exit
2026/07/12 06:29:17 [notice] 30#30: exit
2026/07/12 06:29:17 [notice] 32#32: exit
2026/07/12 06:29:17 [notice] 37#37: gracefully shutting down
2026/07/12 06:29:17 [notice] 48#48: gracefully shutting down
2026/07/12 06:29:17 [notice] 35#35: exit
2026/07/12 06:29:17 [notice] 36#36: exit
2026/07/12 06:29:17 [notice] 38#38: exit
2026/07/12 06:29:17 [notice] 39#39: exit
2026/07/12 06:29:17 [notice] 37#37: exiting
2026/07/12 06:29:17 [notice] 49#49: gracefully shutting down
2026/07/12 06:29:17 [notice] 41#41: exit
2026/07/12 06:29:17 [notice] 48#48: exiting
2026/07/12 06:29:17 [notice] 49#49: exiting
2026/07/12 06:29:17 [notice] 48#48: exit
2026/07/12 06:29:17 [notice] 37#37: exit
2026/07/12 06:29:17 [notice] 49#49: exit
2026/07/12 06:29:17 [notice] 45#45: gracefully shutting down
2026/07/12 06:29:17 [notice] 45#45: exiting
2026/07/12 06:29:17 [notice] 47#47: gracefully shutting down
2026/07/12 06:29:17 [notice] 45#45: exit
2026/07/12 06:29:17 [notice] 47#47: exiting
2026/07/12 06:29:17 [notice] 47#47: exit
2026/07/12 06:29:17 [notice] 42#42: gracefully shutting down
2026/07/12 06:29:17 [notice] 44#44: gracefully shutting down
2026/07/12 06:29:17 [notice] 42#42: exiting
2026/07/12 06:29:17 [notice] 44#44: exiting
2026/07/12 06:29:17 [notice] 40#40: gracefully shutting down
2026/07/12 06:29:17 [notice] 40#40: exiting
2026/07/12 06:29:17 [notice] 42#42: exit
2026/07/12 06:29:17 [notice] 44#44: exit
2026/07/12 06:29:17 [notice] 40#40: exit
2026/07/12 06:29:17 [notice] 43#43: gracefully shutting down
2026/07/12 06:29:17 [notice] 46#46: gracefully shutting down
2026/07/12 06:29:17 [notice] 43#43: exiting
2026/07/12 06:29:17 [notice] 46#46: exiting
2026/07/12 06:29:17 [notice] 43#43: exit
2026/07/12 06:29:17 [notice] 46#46: exit
2026/07/12 06:29:17 [notice] 1#1: signal 17 (SIGCHLD) received from 30
2026/07/12 06:29:17 [notice] 1#1: worker process 30 exited with code 0
2026/07/12 06:29:17 [notice] 1#1: signal 29 (SIGIO) received
2026/07/12 06:29:17 [notice] 1#1: signal 17 (SIGCHLD) received from 36
2026/07/12 06:29:17 [notice] 1#1: worker process 36 exited with code 0
2026/07/12 06:29:17 [notice] 1#1: worker process 22 exited with code 0
2026/07/12 06:29:17 [notice] 1#1: worker process 35 exited with code 0
2026/07/12 06:29:17 [notice] 1#1: worker process 32 exited with code 0
2026/07/12 06:29:17 [notice] 1#1: signal 29 (SIGIO) received
2026/07/12 06:29:17 [notice] 1#1: signal 17 (SIGCHLD) received from 35
2026/07/12 06:29:17 [notice] 1#1: signal 17 (SIGCHLD) received from 31
2026/07/12 06:29:17 [notice] 1#1: worker process 31 exited with code 0
2026/07/12 06:29:17 [notice] 1#1: signal 29 (SIGIO) received
2026/07/12 06:29:17 [notice] 1#1: signal 17 (SIGCHLD) received from 42
2026/07/12 06:29:17 [notice] 1#1: worker process 42 exited with code 0
2026/07/12 06:29:17 [notice] 1#1: signal 29 (SIGIO) received
2026/07/12 06:29:17 [notice] 1#1: signal 17 (SIGCHLD) received from 23
2026/07/12 06:29:17 [notice] 1#1: worker process 23 exited with code 0
2026/07/12 06:29:17 [notice] 1#1: worker process 24 exited with code 0
2026/07/12 06:29:17 [notice] 1#1: signal 29 (SIGIO) received
2026/07/12 06:29:17 [notice] 1#1: signal 17 (SIGCHLD) received from 25
2026/07/12 06:29:17 [notice] 1#1: worker process 25 exited with code 0
2026/07/12 06:29:17 [notice] 1#1: signal 29 (SIGIO) received
2026/07/12 06:29:17 [notice] 1#1: signal 17 (SIGCHLD) received from 29
2026/07/12 06:29:17 [notice] 1#1: worker process 29 exited with code 0
2026/07/12 06:29:17 [notice] 1#1: signal 29 (SIGIO) received
2026/07/12 06:29:17 [notice] 1#1: signal 17 (SIGCHLD) received from 43
2026/07/12 06:29:17 [notice] 1#1: worker process 43 exited with code 0
2026/07/12 06:29:17 [notice] 1#1: signal 29 (SIGIO) received
2026/07/12 06:29:17 [notice] 1#1: signal 17 (SIGCHLD) received from 37
2026/07/12 06:29:17 [notice] 1#1: worker process 37 exited with code 0
2026/07/12 06:29:17 [notice] 1#1: worker process 40 exited with code 0
2026/07/12 06:29:17 [notice] 1#1: worker process 27 exited with code 0
2026/07/12 06:29:17 [notice] 1#1: worker process 48 exited with code 0
2026/07/12 06:29:17 [notice] 1#1: worker process 34 exited with code 0
2026/07/12 06:29:17 [notice] 1#1: worker process 26 exited with code 0
2026/07/12 06:29:17 [notice] 1#1: worker process 39 exited with code 0
2026/07/12 06:29:17 [notice] 1#1: worker process 41 exited with code 0
2026/07/12 06:29:17 [notice] 1#1: signal 29 (SIGIO) received
2026/07/12 06:29:17 [notice] 1#1: signal 17 (SIGCHLD) received from 27
2026/07/12 06:29:17 [notice] 1#1: signal 17 (SIGCHLD) received from 38
2026/07/12 06:29:17 [notice] 1#1: worker process 38 exited with code 0
2026/07/12 06:29:17 [notice] 1#1: signal 29 (SIGIO) received
2026/07/12 06:29:17 [notice] 1#1: signal 17 (SIGCHLD) received from 33
2026/07/12 06:29:17 [notice] 1#1: worker process 33 exited with code 0
2026/07/12 06:29:17 [notice] 1#1: worker process 46 exited with code 0
2026/07/12 06:29:17 [notice] 1#1: signal 29 (SIGIO) received
2026/07/12 06:29:17 [notice] 1#1: signal 17 (SIGCHLD) received from 46
2026/07/12 06:29:17 [notice] 1#1: signal 17 (SIGCHLD) received from 49
2026/07/12 06:29:17 [notice] 1#1: worker process 49 exited with code 0
2026/07/12 06:29:17 [notice] 1#1: worker process 28 exited with code 0
2026/07/12 06:29:17 [notice] 1#1: signal 29 (SIGIO) received
2026/07/12 06:29:17 [notice] 1#1: signal 17 (SIGCHLD) received from 28
2026/07/12 06:29:17 [notice] 1#1: worker process 44 exited with code 0
2026/07/12 06:29:17 [notice] 1#1: worker process 47 exited with code 0
2026/07/12 06:29:17 [notice] 1#1: signal 29 (SIGIO) received
2026/07/12 06:29:17 [notice] 1#1: signal 17 (SIGCHLD) received from 45
2026/07/12 06:29:17 [notice] 1#1: worker process 45 exited with code 0
2026/07/12 06:29:17 [notice] 1#1: exit
2026/07/12 06:29:17 [notice] 1#1: using the "epoll" event method
2026/07/12 06:29:17 [notice] 1#1: nginx/1.29.2
2026/07/12 06:29:17 [notice] 1#1: built by gcc 14.2.0 (Debian 14.2.0-19) 
2026/07/12 06:29:17 [notice] 1#1: OS: Linux 6.8.0-134-generic
2026/07/12 06:29:17 [notice] 1#1: getrlimit(RLIMIT_NOFILE): 1024:524288
2026/07/12 06:29:17 [notice] 1#1: start worker processes
2026/07/12 06:29:17 [notice] 1#1: start worker process 22
2026/07/12 06:29:17 [notice] 1#1: start worker process 23
2026/07/12 06:29:17 [notice] 1#1: start worker process 24
2026/07/12 06:29:17 [notice] 1#1: start worker process 25
2026/07/12 06:29:17 [notice] 1#1: start worker process 26
2026/07/12 06:29:17 [notice] 1#1: start worker process 27
2026/07/12 06:29:17 [notice] 1#1: start worker process 28
2026/07/12 06:29:17 [notice] 1#1: start worker process 29
2026/07/12 06:29:17 [notice] 1#1: start worker process 30
2026/07/12 06:29:17 [notice] 1#1: start worker process 31
2026/07/12 06:29:17 [notice] 1#1: start worker process 32
2026/07/12 06:29:17 [notice] 1#1: start worker process 33
2026/07/12 06:29:17 [notice] 1#1: start worker process 34
2026/07/12 06:29:17 [notice] 1#1: start worker process 35
2026/07/12 06:29:17 [notice] 1#1: start worker process 36
2026/07/12 06:29:17 [notice] 1#1: start worker process 37
2026/07/12 06:29:17 [notice] 1#1: start worker process 38
2026/07/12 06:29:17 [notice] 1#1: start worker process 39
2026/07/12 06:29:17 [notice] 1#1: start worker process 40
2026/07/12 06:29:17 [notice] 1#1: start worker process 41
2026/07/12 06:29:17 [notice] 1#1: start worker process 42
2026/07/12 06:29:17 [notice] 1#1: start worker process 43
2026/07/12 06:29:17 [notice] 1#1: start worker process 44
2026/07/12 06:29:17 [notice] 1#1: start worker process 45
2026/07/12 06:29:17 [notice] 1#1: start worker process 46
2026/07/12 06:29:17 [notice] 1#1: start worker process 47
2026/07/12 06:29:17 [notice] 1#1: start worker process 48
2026/07/12 06:29:17 [notice] 1#1: start worker process 49
2026/07/12 06:31:31 [notice] 1#1: signal 3 (SIGQUIT) received, shutting down
2026/07/12 06:31:31 [notice] 22#22: gracefully shutting down
2026/07/12 06:31:31 [notice] 23#23: gracefully shutting down
2026/07/12 06:31:31 [notice] 27#27: gracefully shutting down
2026/07/12 06:31:31 [notice] 28#28: gracefully shutting down
2026/07/12 06:31:31 [notice] 25#25: gracefully shutting down
2026/07/12 06:31:31 [notice] 24#24: gracefully shutting down
2026/07/12 06:31:31 [notice] 29#29: gracefully shutting down
2026/07/12 06:31:31 [notice] 26#26: gracefully shutting down
2026/07/12 06:31:31 [notice] 30#30: gracefully shutting down
2026/07/12 06:31:31 [notice] 31#31: gracefully shutting down
2026/07/12 06:31:31 [notice] 32#32: gracefully shutting down
2026/07/12 06:31:31 [notice] 33#33: gracefully shutting down
2026/07/12 06:31:31 [notice] 22#22: exiting
2026/07/12 06:31:31 [notice] 34#34: gracefully shutting down
2026/07/12 06:31:31 [notice] 23#23: exiting
2026/07/12 06:31:31 [notice] 36#36: gracefully shutting down
2026/07/12 06:31:31 [notice] 38#38: gracefully shutting down
2026/07/12 06:31:31 [notice] 27#27: exiting
2026/07/12 06:31:31 [notice] 35#35: gracefully shutting down
2026/07/12 06:31:31 [notice] 37#37: gracefully shutting down
2026/07/12 06:31:31 [notice] 28#28: exiting
2026/07/12 06:31:31 [notice] 39#39: gracefully shutting down
2026/07/12 06:31:31 [notice] 40#40: gracefully shutting down
2026/07/12 06:31:31 [notice] 29#29: exiting
2026/07/12 06:31:31 [notice] 42#42: gracefully shutting down
2026/07/12 06:31:31 [notice] 25#25: exiting
2026/07/12 06:31:31 [notice] 43#43: gracefully shutting down
2026/07/12 06:31:31 [notice] 41#41: gracefully shutting down
2026/07/12 06:31:31 [notice] 24#24: exiting
2026/07/12 06:31:31 [notice] 44#44: gracefully shutting down
2026/07/12 06:31:31 [notice] 26#26: exiting
2026/07/12 06:31:31 [notice] 30#30: exiting
2026/07/12 06:31:31 [notice] 31#31: exiting
2026/07/12 06:31:31 [notice] 47#47: gracefully shutting down
2026/07/12 06:31:31 [notice] 32#32: exiting
2026/07/12 06:31:31 [notice] 46#46: gracefully shutting down
2026/07/12 06:31:31 [notice] 45#45: gracefully shutting down
2026/07/12 06:31:31 [notice] 33#33: exiting
2026/07/12 06:31:31 [notice] 48#48: gracefully shutting down
2026/07/12 06:31:31 [notice] 34#34: exiting
2026/07/12 06:31:31 [notice] 38#38: exiting
2026/07/12 06:31:31 [notice] 36#36: exiting
2026/07/12 06:31:31 [notice] 23#23: exit
2026/07/12 06:31:31 [notice] 27#27: exit
2026/07/12 06:31:31 [notice] 35#35: exiting
2026/07/12 06:31:31 [notice] 37#37: exiting
2026/07/12 06:31:31 [notice] 22#22: exit
2026/07/12 06:31:31 [notice] 39#39: exiting
2026/07/12 06:31:31 [notice] 28#28: exit
2026/07/12 06:31:31 [notice] 40#40: exiting
2026/07/12 06:31:31 [notice] 42#42: exiting
2026/07/12 06:31:31 [notice] 43#43: exiting
2026/07/12 06:31:31 [notice] 29#29: exit
2026/07/12 06:31:31 [notice] 41#41: exiting
2026/07/12 06:31:31 [notice] 25#25: exit
2026/07/12 06:31:31 [notice] 46#46: exiting
2026/07/12 06:31:31 [notice] 44#44: exiting
2026/07/12 06:31:31 [notice] 47#47: exiting
2026/07/12 06:31:31 [notice] 24#24: exit
2026/07/12 06:31:31 [notice] 31#31: exit
2026/07/12 06:31:31 [notice] 32#32: exit
2026/07/12 06:31:31 [notice] 26#26: exit
2026/07/12 06:31:31 [notice] 45#45: exiting
2026/07/12 06:31:31 [notice] 48#48: exiting
2026/07/12 06:31:31 [notice] 30#30: exit
2026/07/12 06:31:31 [notice] 33#33: exit
2026/07/12 06:31:31 [notice] 37#37: exit
2026/07/12 06:31:31 [notice] 43#43: exit
2026/07/12 06:31:31 [notice] 38#38: exit
2026/07/12 06:31:31 [notice] 35#35: exit
2026/07/12 06:31:31 [notice] 36#36: exit
2026/07/12 06:31:31 [notice] 40#40: exit
2026/07/12 06:31:31 [notice] 44#44: exit
2026/07/12 06:31:31 [notice] 47#47: exit
2026/07/12 06:31:31 [notice] 34#34: exit
2026/07/12 06:31:31 [notice] 39#39: exit
2026/07/12 06:31:31 [notice] 45#45: exit
2026/07/12 06:31:31 [notice] 42#42: exit
2026/07/12 06:31:31 [notice] 48#48: exit
2026/07/12 06:31:31 [notice] 41#41: exit
2026/07/12 06:31:31 [notice] 46#46: exit
2026/07/12 06:31:31 [notice] 49#49: gracefully shutting down
2026/07/12 06:31:31 [notice] 49#49: exiting
2026/07/12 06:31:31 [notice] 49#49: exit
2026/07/12 06:31:31 [notice] 1#1: signal 17 (SIGCHLD) received from 44
2026/07/12 06:31:31 [notice] 1#1: worker process 44 exited with code 0
2026/07/12 06:31:31 [notice] 1#1: signal 29 (SIGIO) received
2026/07/12 06:31:31 [notice] 1#1: signal 17 (SIGCHLD) received from 37
2026/07/12 06:31:31 [notice] 1#1: worker process 37 exited with code 0
2026/07/12 06:31:31 [notice] 1#1: worker process 38 exited with code 0
2026/07/12 06:31:31 [notice] 1#1: signal 29 (SIGIO) received
2026/07/12 06:31:31 [notice] 1#1: signal 17 (SIGCHLD) received from 47
2026/07/12 06:31:31 [notice] 1#1: worker process 28 exited with code 0
2026/07/12 06:31:31 [notice] 1#1: worker process 47 exited with code 0
2026/07/12 06:31:31 [notice] 1#1: signal 29 (SIGIO) received
2026/07/12 06:31:31 [notice] 1#1: signal 17 (SIGCHLD) received from 46
2026/07/12 06:31:31 [notice] 1#1: worker process 46 exited with code 0
2026/07/12 06:31:31 [notice] 1#1: signal 29 (SIGIO) received
2026/07/12 06:31:31 [notice] 1#1: signal 17 (SIGCHLD) received from 26
2026/07/12 06:31:31 [notice] 1#1: worker process 26 exited with code 0
2026/07/12 06:31:31 [notice] 1#1: signal 29 (SIGIO) received
2026/07/12 06:31:31 [notice] 1#1: signal 17 (SIGCHLD) received from 31
2026/07/12 06:31:31 [notice] 1#1: worker process 31 exited with code 0
2026/07/12 06:31:31 [notice] 1#1: signal 29 (SIGIO) received
2026/07/12 06:31:31 [notice] 1#1: signal 17 (SIGCHLD) received from 34
2026/07/12 06:31:31 [notice] 1#1: worker process 34 exited with code 0
2026/07/12 06:31:31 [notice] 1#1: signal 29 (SIGIO) received
2026/07/12 06:31:31 [notice] 1#1: signal 17 (SIGCHLD) received from 23
2026/07/12 06:31:31 [notice] 1#1: worker process 23 exited with code 0
2026/07/12 06:31:31 [notice] 1#1: worker process 32 exited with code 0
2026/07/12 06:31:31 [notice] 1#1: worker process 39 exited with code 0
2026/07/12 06:31:31 [notice] 1#1: worker process 33 exited with code 0
2026/07/12 06:31:31 [notice] 1#1: worker process 42 exited with code 0
2026/07/12 06:31:31 [notice] 1#1: worker process 22 exited with code 0
2026/07/12 06:31:31 [notice] 1#1: worker process 24 exited with code 0
2026/07/12 06:31:31 [notice] 1#1: worker process 25 exited with code 0
2026/07/12 06:31:31 [notice] 1#1: worker process 35 exited with code 0
2026/07/12 06:31:31 [notice] 1#1: signal 29 (SIGIO) received
2026/07/12 06:31:31 [notice] 1#1: signal 17 (SIGCHLD) received from 39
2026/07/12 06:31:31 [notice] 1#1: signal 17 (SIGCHLD) received from 43
2026/07/12 06:31:31 [notice] 1#1: worker process 43 exited with code 0
2026/07/12 06:31:31 [notice] 1#1: signal 29 (SIGIO) received
2026/07/12 06:31:31 [notice] 1#1: signal 17 (SIGCHLD) received from 48
2026/07/12 06:31:31 [notice] 1#1: worker process 48 exited with code 0
2026/07/12 06:31:31 [notice] 1#1: signal 29 (SIGIO) received
2026/07/12 06:31:31 [notice] 1#1: signal 17 (SIGCHLD) received from 45
2026/07/12 06:31:31 [notice] 1#1: worker process 27 exited with code 0
2026/07/12 06:31:31 [notice] 1#1: worker process 45 exited with code 0
2026/07/12 06:31:31 [notice] 1#1: worker process 30 exited with code 0
2026/07/12 06:31:31 [notice] 1#1: signal 29 (SIGIO) received
2026/07/12 06:31:31 [notice] 1#1: signal 17 (SIGCHLD) received from 30
2026/07/12 06:31:31 [notice] 1#1: worker process 49 exited with code 0
2026/07/12 06:31:31 [notice] 1#1: signal 29 (SIGIO) received
2026/07/12 06:31:31 [notice] 1#1: signal 17 (SIGCHLD) received from 36
2026/07/12 06:31:31 [notice] 1#1: worker process 36 exited with code 0
2026/07/12 06:31:31 [notice] 1#1: signal 29 (SIGIO) received
2026/07/12 06:31:31 [notice] 1#1: signal 17 (SIGCHLD) received from 29
2026/07/12 06:31:31 [notice] 1#1: worker process 29 exited with code 0
2026/07/12 06:31:31 [notice] 1#1: worker process 40 exited with code 0
2026/07/12 06:31:31 [notice] 1#1: signal 29 (SIGIO) received
2026/07/12 06:31:31 [notice] 1#1: signal 17 (SIGCHLD) received from 41
2026/07/12 06:31:31 [notice] 1#1: worker process 41 exited with code 0
2026/07/12 06:31:31 [notice] 1#1: exit
